Archive member included to satisfy reference by file (symbol)

c:/program files (x86)/atmel/studio/7.0/toolchain/avr8/avr8-gnu-toolchain/bin/../lib/gcc/avr/4.9.2/avr25\libgcc.a(_udivmodsi4.o)
                              main.o (__udivmodsi4)
c:/program files (x86)/atmel/studio/7.0/toolchain/avr8/avr8-gnu-toolchain/bin/../lib/gcc/avr/4.9.2/avr25\libgcc.a(_exit.o)
                              c:/program files (x86)/atmel/studio/7.0/toolchain/avr8/avr8-gnu-toolchain/bin/../lib/gcc/avr/4.9.2/../../../../avr/lib/avr25/crtattiny85.o (exit)
c:/program files (x86)/atmel/studio/7.0/toolchain/avr8/avr8-gnu-toolchain/bin/../lib/gcc/avr/4.9.2/avr25\libgcc.a(_copy_data.o)
                              main.o (__do_copy_data)
c:/program files (x86)/atmel/studio/7.0/toolchain/avr8/avr8-gnu-toolchain/bin/../lib/gcc/avr/4.9.2/avr25\libgcc.a(_clear_bss.o)
                              main.o (__do_clear_bss)
c:/program files (x86)/atmel/studio/7.0/toolchain/avr8/avr8-gnu-toolchain/bin/../lib/gcc/avr/4.9.2/avr25\libgcc.a(_mulsidi3.o)
                              pff.o (__umulsidi3)
c:/program files (x86)/atmel/studio/7.0/toolchain/avr8/avr8-gnu-toolchain/bin/../lib/gcc/avr/4.9.2/avr25\libgcc.a(_prologue.o)
                              c:/program files (x86)/atmel/studio/7.0/toolchain/avr8/avr8-gnu-toolchain/bin/../lib/gcc/avr/4.9.2/avr25\libgcc.a(_mulsidi3.o) (__prologue_saves__)
c:/program files (x86)/atmel/studio/7.0/toolchain/avr8/avr8-gnu-toolchain/bin/../lib/gcc/avr/4.9.2/avr25\libgcc.a(_epilogue.o)
                              c:/program files (x86)/atmel/studio/7.0/toolchain/avr8/avr8-gnu-toolchain/bin/../lib/gcc/avr/4.9.2/avr25\libgcc.a(_mulsidi3.o) (__epilogue_restores__)
c:/program files (x86)/atmel/studio/7.0/toolchain/avr8/avr8-gnu-toolchain/bin/../lib/gcc/avr/4.9.2/avr25\libgcc.a(_muldi3.o)
                              c:/program files (x86)/atmel/studio/7.0/toolchain/avr8/avr8-gnu-toolchain/bin/../lib/gcc/avr/4.9.2/avr25\libgcc.a(_mulsidi3.o) (__muldi3)
c:/program files (x86)/atmel/studio/7.0/toolchain/avr8/avr8-gnu-toolchain/bin/../lib/gcc/avr/4.9.2/../../../../avr/lib/avr25\libc.a(strcpy.o)
                              main.o (strcpy)

Allocating common symbols
Common symbol       size              file

FifoWi              0x1               main.o
CardType            0x1               main.o
FifoRi              0x1               main.o
fileName            0x10              main.o
newFile             0x1               main.o
Fno                 0x16              main.o
rb                  0x2               main.o
Buff                0x100             main.o
Dir                 0x10              main.o
FifoCt              0x1               main.o
Fs                  0x2a              main.o

Memory Configuration

Name             Origin             Length             Attributes
text             0x00000000         0x00002000         xr
data             0x00800060         0x0000ffa0         rw !x
eeprom           0x00810000         0x00010000         rw !x
fuse             0x00820000         0x00000400         rw !x
lock             0x00830000         0x00000400         rw !x
signature        0x00840000         0x00000400         rw !x
user_signatures  0x00850000         0x00000400         rw !x
*default*        0x00000000         0xffffffff

Linker script and memory map

LOAD c:/program files (x86)/atmel/studio/7.0/toolchain/avr8/avr8-gnu-toolchain/bin/../lib/gcc/avr/4.9.2/../../../../avr/lib/avr25/crtattiny85.o
LOAD main.o
LOAD mmc.o
LOAD pff.o
LOAD asmfunc.o
LOAD c:/program files (x86)/atmel/studio/7.0/toolchain/avr8/avr8-gnu-toolchain/bin/../lib/gcc/avr/4.9.2/../../../../avr/lib/avr25\libm.a
START GROUP
LOAD c:/program files (x86)/atmel/studio/7.0/toolchain/avr8/avr8-gnu-toolchain/bin/../lib/gcc/avr/4.9.2/avr25\libgcc.a
LOAD c:/program files (x86)/atmel/studio/7.0/toolchain/avr8/avr8-gnu-toolchain/bin/../lib/gcc/avr/4.9.2/../../../../avr/lib/avr25\libm.a
LOAD c:/program files (x86)/atmel/studio/7.0/toolchain/avr8/avr8-gnu-toolchain/bin/../lib/gcc/avr/4.9.2/../../../../avr/lib/avr25\libc.a
LOAD c:/program files (x86)/atmel/studio/7.0/toolchain/avr8/avr8-gnu-toolchain/bin/../lib/gcc/avr/4.9.2/../../../../avr/lib/avr25\libattiny85.a
END GROUP

.hash
 *(.hash)

.dynsym
 *(.dynsym)

.dynstr
 *(.dynstr)

.gnu.version
 *(.gnu.version)

.gnu.version_d
 *(.gnu.version_d)

.gnu.version_r
 *(.gnu.version_r)

.rel.init
 *(.rel.init)

.rela.init
 *(.rela.init)

.rel.text
 *(.rel.text)
 *(.rel.text.*)
 *(.rel.gnu.linkonce.t*)

.rela.text
 *(.rela.text)
 *(.rela.text.*)
 *(.rela.gnu.linkonce.t*)

.rel.fini
 *(.rel.fini)

.rela.fini
 *(.rela.fini)

.rel.rodata
 *(.rel.rodata)
 *(.rel.rodata.*)
 *(.rel.gnu.linkonce.r*)

.rela.rodata
 *(.rela.rodata)
 *(.rela.rodata.*)
 *(.rela.gnu.linkonce.r*)

.rel.data
 *(.rel.data)
 *(.rel.data.*)
 *(.rel.gnu.linkonce.d*)

.rela.data
 *(.rela.data)
 *(.rela.data.*)
 *(.rela.gnu.linkonce.d*)

.rel.ctors
 *(.rel.ctors)

.rela.ctors
 *(.rela.ctors)

.rel.dtors
 *(.rel.dtors)

.rela.dtors
 *(.rela.dtors)

.rel.got
 *(.rel.got)

.rela.got
 *(.rela.got)

.rel.bss
 *(.rel.bss)

.rela.bss
 *(.rela.bss)

.rel.plt
 *(.rel.plt)

.rela.plt
 *(.rela.plt)

.text           0x00000000     0x1926
 *(.vectors)
 .vectors       0x00000000       0x1e c:/program files (x86)/atmel/studio/7.0/toolchain/avr8/avr8-gnu-toolchain/bin/../lib/gcc/avr/4.9.2/../../../../avr/lib/avr25/crtattiny85.o
                0x00000000                __vector_default
                0x00000000                __vectors
 *(.vectors)
 *(.progmem.gcc*)
                0x0000001e                . = ALIGN (0x2)
                0x0000001e                __trampolines_start = .
 *(.trampolines)
 .trampolines   0x0000001e        0x0 linker stubs
 *(.trampolines*)
                0x0000001e                __trampolines_end = .
 *(.progmem*)
                0x0000001e                . = ALIGN (0x2)
 *(.jumptables)
 *(.jumptables*)
 *(.lowtext)
 *(.lowtext*)
                0x0000001e                __ctors_start = .
 *(.ctors)
                0x0000001e                __ctors_end = .
                0x0000001e                __dtors_start = .
 *(.dtors)
                0x0000001e                __dtors_end = .
 SORT(*)(.ctors)
 SORT(*)(.dtors)
 *(.init0)
 .init0         0x0000001e        0x0 c:/program files (x86)/atmel/studio/7.0/toolchain/avr8/avr8-gnu-toolchain/bin/../lib/gcc/avr/4.9.2/../../../../avr/lib/avr25/crtattiny85.o
                0x0000001e                __init
 *(.init0)
 *(.init1)
 *(.init1)
 *(.init2)
 .init2         0x0000001e        0xc c:/program files (x86)/atmel/studio/7.0/toolchain/avr8/avr8-gnu-toolchain/bin/../lib/gcc/avr/4.9.2/../../../../avr/lib/avr25/crtattiny85.o
 *(.init2)
 *(.init3)
 *(.init3)
 *(.init4)
 .init4         0x0000002a       0x16 c:/program files (x86)/atmel/studio/7.0/toolchain/avr8/avr8-gnu-toolchain/bin/../lib/gcc/avr/4.9.2/avr25\libgcc.a(_copy_data.o)
                0x0000002a                __do_copy_data
 .init4         0x00000040       0x10 c:/program files (x86)/atmel/studio/7.0/toolchain/avr8/avr8-gnu-toolchain/bin/../lib/gcc/avr/4.9.2/avr25\libgcc.a(_clear_bss.o)
                0x00000040                __do_clear_bss
 *(.init4)
 *(.init5)
 *(.init5)
 *(.init6)
 *(.init6)
 *(.init7)
 *(.init7)
 *(.init8)
 *(.init8)
 *(.init9)
 .init9         0x00000050        0x4 c:/program files (x86)/atmel/studio/7.0/toolchain/avr8/avr8-gnu-toolchain/bin/../lib/gcc/avr/4.9.2/../../../../avr/lib/avr25/crtattiny85.o
 *(.init9)
 *(.text)
 .text          0x00000054        0x2 c:/program files (x86)/atmel/studio/7.0/toolchain/avr8/avr8-gnu-toolchain/bin/../lib/gcc/avr/4.9.2/../../../../avr/lib/avr25/crtattiny85.o
                0x00000054                __vector_1
                0x00000054                __bad_interrupt
                0x00000054                __vector_6
                0x00000054                __vector_3
                0x00000054                __vector_11
                0x00000054                __vector_13
                0x00000054                __vector_7
                0x00000054                __vector_5
                0x00000054                __vector_4
                0x00000054                __vector_9
                0x00000054                __vector_8
                0x00000054                __vector_14
 .text          0x00000056       0x74 main.o
                0x00000056                __vector_12
                0x00000058                __vector_2
 .text          0x000000ca      0x216 mmc.o
                0x0000013a                disk_initialize
                0x00000274                disk_readp
 .text          0x000002e0      0xf06 pff.o
                0x000008f8                pf_mount
                0x00000b06                pf_open
                0x00000bb8                pf_read
                0x00000d54                pf_lseek
                0x00000f86                pf_opendir
                0x00001020                pf_readdir
 .text          0x000011e6      0x160 asmfunc.o
                0x000011e6                init_spi
                0x000011ec                spi_slave
                0x000011f0                slave_rcv_spi
                0x000011f6                spi_master
                0x000011fa                select
                0x000011fc                deselect
                0x000011fe                rcv_spi
                0x00001226                xmit_spi
                0x00001240                read_blk_part
                0x00001310                __vector_10
 .text          0x00001346        0x0 c:/program files (x86)/atmel/studio/7.0/toolchain/avr8/avr8-gnu-toolchain/bin/../lib/gcc/avr/4.9.2/avr25\libgcc.a(_udivmodsi4.o)
 .text          0x00001346        0x0 c:/program files (x86)/atmel/studio/7.0/toolchain/avr8/avr8-gnu-toolchain/bin/../lib/gcc/avr/4.9.2/avr25\libgcc.a(_exit.o)
 .text          0x00001346        0x0 c:/program files (x86)/atmel/studio/7.0/toolchain/avr8/avr8-gnu-toolchain/bin/../lib/gcc/avr/4.9.2/avr25\libgcc.a(_copy_data.o)
 .text          0x00001346        0x0 c:/program files (x86)/atmel/studio/7.0/toolchain/avr8/avr8-gnu-toolchain/bin/../lib/gcc/avr/4.9.2/avr25\libgcc.a(_clear_bss.o)
 .text          0x00001346        0x0 c:/program files (x86)/atmel/studio/7.0/toolchain/avr8/avr8-gnu-toolchain/bin/../lib/gcc/avr/4.9.2/avr25\libgcc.a(_mulsidi3.o)
 .text          0x00001346        0x0 c:/program files (x86)/atmel/studio/7.0/toolchain/avr8/avr8-gnu-toolchain/bin/../lib/gcc/avr/4.9.2/avr25\libgcc.a(_prologue.o)
 .text          0x00001346        0x0 c:/program files (x86)/atmel/studio/7.0/toolchain/avr8/avr8-gnu-toolchain/bin/../lib/gcc/avr/4.9.2/avr25\libgcc.a(_epilogue.o)
 .text          0x00001346        0x0 c:/program files (x86)/atmel/studio/7.0/toolchain/avr8/avr8-gnu-toolchain/bin/../lib/gcc/avr/4.9.2/avr25\libgcc.a(_muldi3.o)
 .text          0x00001346        0x0 c:/program files (x86)/atmel/studio/7.0/toolchain/avr8/avr8-gnu-toolchain/bin/../lib/gcc/avr/4.9.2/../../../../avr/lib/avr25\libc.a(strcpy.o)
                0x00001346                . = ALIGN (0x2)
 *(.text.*)
 .text.startup  0x00001346      0x486 main.o
                0x00001346                main
 .text.libgcc.mul
                0x000017cc        0x0 c:/program files (x86)/atmel/studio/7.0/toolchain/avr8/avr8-gnu-toolchain/bin/../lib/gcc/avr/4.9.2/avr25\libgcc.a(_udivmodsi4.o)
 .text.libgcc.div
                0x000017cc       0x44 c:/program files (x86)/atmel/studio/7.0/toolchain/avr8/avr8-gnu-toolchain/bin/../lib/gcc/avr/4.9.2/avr25\libgcc.a(_udivmodsi4.o)
                0x000017cc                __udivmodsi4
 .text.libgcc   0x00001810        0x0 c:/program files (x86)/atmel/studio/7.0/toolchain/avr8/avr8-gnu-toolchain/bin/../lib/gcc/avr/4.9.2/avr25\libgcc.a(_udivmodsi4.o)
 .text.libgcc.prologue
                0x00001810        0x0 c:/program files (x86)/atmel/studio/7.0/toolchain/avr8/avr8-gnu-toolchain/bin/../lib/gcc/avr/4.9.2/avr25\libgcc.a(_udivmodsi4.o)
 .text.libgcc.builtins
                0x00001810        0x0 c:/program files (x86)/atmel/studio/7.0/toolchain/avr8/avr8-gnu-toolchain/bin/../lib/gcc/avr/4.9.2/avr25\libgcc.a(_udivmodsi4.o)
 .text.libgcc.fmul
                0x00001810        0x0 c:/program files (x86)/atmel/studio/7.0/toolchain/avr8/avr8-gnu-toolchain/bin/../lib/gcc/avr/4.9.2/avr25\libgcc.a(_udivmodsi4.o)
 .text.libgcc.fixed
                0x00001810        0x0 c:/program files (x86)/atmel/studio/7.0/toolchain/avr8/avr8-gnu-toolchain/bin/../lib/gcc/avr/4.9.2/avr25\libgcc.a(_udivmodsi4.o)
 .text.libgcc.mul
                0x00001810        0x0 c:/program files (x86)/atmel/studio/7.0/toolchain/avr8/avr8-gnu-toolchain/bin/../lib/gcc/avr/4.9.2/avr25\libgcc.a(_exit.o)
 .text.libgcc.div
                0x00001810        0x0 c:/program files (x86)/atmel/studio/7.0/toolchain/avr8/avr8-gnu-toolchain/bin/../lib/gcc/avr/4.9.2/avr25\libgcc.a(_exit.o)
 .text.libgcc   0x00001810        0x0 c:/program files (x86)/atmel/studio/7.0/toolchain/avr8/avr8-gnu-toolchain/bin/../lib/gcc/avr/4.9.2/avr25\libgcc.a(_exit.o)
 .text.libgcc.prologue
                0x00001810        0x0 c:/program files (x86)/atmel/studio/7.0/toolchain/avr8/avr8-gnu-toolchain/bin/../lib/gcc/avr/4.9.2/avr25\libgcc.a(_exit.o)
 .text.libgcc.builtins
                0x00001810        0x0 c:/program files (x86)/atmel/studio/7.0/toolchain/avr8/avr8-gnu-toolchain/bin/../lib/gcc/avr/4.9.2/avr25\libgcc.a(_exit.o)
 .text.libgcc.fmul
                0x00001810        0x0 c:/program files (x86)/atmel/studio/7.0/toolchain/avr8/avr8-gnu-toolchain/bin/../lib/gcc/avr/4.9.2/avr25\libgcc.a(_exit.o)
 .text.libgcc.fixed
                0x00001810        0x0 c:/program files (x86)/atmel/studio/7.0/toolchain/avr8/avr8-gnu-toolchain/bin/../lib/gcc/avr/4.9.2/avr25\libgcc.a(_exit.o)
 .text.libgcc.mul
                0x00001810        0x0 c:/program files (x86)/atmel/studio/7.0/toolchain/avr8/avr8-gnu-toolchain/bin/../lib/gcc/avr/4.9.2/avr25\libgcc.a(_copy_data.o)
 .text.libgcc.div
                0x00001810        0x0 c:/program files (x86)/atmel/studio/7.0/toolchain/avr8/avr8-gnu-toolchain/bin/../lib/gcc/avr/4.9.2/avr25\libgcc.a(_copy_data.o)
 .text.libgcc   0x00001810        0x0 c:/program files (x86)/atmel/studio/7.0/toolchain/avr8/avr8-gnu-toolchain/bin/../lib/gcc/avr/4.9.2/avr25\libgcc.a(_copy_data.o)
 .text.libgcc.prologue
                0x00001810        0x0 c:/program files (x86)/atmel/studio/7.0/toolchain/avr8/avr8-gnu-toolchain/bin/../lib/gcc/avr/4.9.2/avr25\libgcc.a(_copy_data.o)
 .text.libgcc.builtins
                0x00001810        0x0 c:/program files (x86)/atmel/studio/7.0/toolchain/avr8/avr8-gnu-toolchain/bin/../lib/gcc/avr/4.9.2/avr25\libgcc.a(_copy_data.o)
 .text.libgcc.fmul
                0x00001810        0x0 c:/program files (x86)/atmel/studio/7.0/toolchain/avr8/avr8-gnu-toolchain/bin/../lib/gcc/avr/4.9.2/avr25\libgcc.a(_copy_data.o)
 .text.libgcc.fixed
                0x00001810        0x0 c:/program files (x86)/atmel/studio/7.0/toolchain/avr8/avr8-gnu-toolchain/bin/../lib/gcc/avr/4.9.2/avr25\libgcc.a(_copy_data.o)
 .text.libgcc.mul
                0x00001810        0x0 c:/program files (x86)/atmel/studio/7.0/toolchain/avr8/avr8-gnu-toolchain/bin/../lib/gcc/avr/4.9.2/avr25\libgcc.a(_clear_bss.o)
 .text.libgcc.div
                0x00001810        0x0 c:/program files (x86)/atmel/studio/7.0/toolchain/avr8/avr8-gnu-toolchain/bin/../lib/gcc/avr/4.9.2/avr25\libgcc.a(_clear_bss.o)
 .text.libgcc   0x00001810        0x0 c:/program files (x86)/atmel/studio/7.0/toolchain/avr8/avr8-gnu-toolchain/bin/../lib/gcc/avr/4.9.2/avr25\libgcc.a(_clear_bss.o)
 .text.libgcc.prologue
                0x00001810        0x0 c:/program files (x86)/atmel/studio/7.0/toolchain/avr8/avr8-gnu-toolchain/bin/../lib/gcc/avr/4.9.2/avr25\libgcc.a(_clear_bss.o)
 .text.libgcc.builtins
                0x00001810        0x0 c:/program files (x86)/atmel/studio/7.0/toolchain/avr8/avr8-gnu-toolchain/bin/../lib/gcc/avr/4.9.2/avr25\libgcc.a(_clear_bss.o)
 .text.libgcc.fmul
                0x00001810        0x0 c:/program files (x86)/atmel/studio/7.0/toolchain/avr8/avr8-gnu-toolchain/bin/../lib/gcc/avr/4.9.2/avr25\libgcc.a(_clear_bss.o)
 .text.libgcc.fixed
                0x00001810        0x0 c:/program files (x86)/atmel/studio/7.0/toolchain/avr8/avr8-gnu-toolchain/bin/../lib/gcc/avr/4.9.2/avr25\libgcc.a(_clear_bss.o)
 .text.libgcc.mul
                0x00001810       0x3a c:/program files (x86)/atmel/studio/7.0/toolchain/avr8/avr8-gnu-toolchain/bin/../lib/gcc/avr/4.9.2/avr25\libgcc.a(_mulsidi3.o)
                0x00001810                __mulsidi3
                0x00001814                __umulsidi3
 .text.libgcc.div
                0x0000184a        0x0 c:/program files (x86)/atmel/studio/7.0/toolchain/avr8/avr8-gnu-toolchain/bin/../lib/gcc/avr/4.9.2/avr25\libgcc.a(_mulsidi3.o)
 .text.libgcc   0x0000184a        0x0 c:/program files (x86)/atmel/studio/7.0/toolchain/avr8/avr8-gnu-toolchain/bin/../lib/gcc/avr/4.9.2/avr25\libgcc.a(_mulsidi3.o)
 .text.libgcc.prologue
                0x0000184a        0x0 c:/program files (x86)/atmel/studio/7.0/toolchain/avr8/avr8-gnu-toolchain/bin/../lib/gcc/avr/4.9.2/avr25\libgcc.a(_mulsidi3.o)
 .text.libgcc.builtins
                0x0000184a        0x0 c:/program files (x86)/atmel/studio/7.0/toolchain/avr8/avr8-gnu-toolchain/bin/../lib/gcc/avr/4.9.2/avr25\libgcc.a(_mulsidi3.o)
 .text.libgcc.fmul
                0x0000184a        0x0 c:/program files (x86)/atmel/studio/7.0/toolchain/avr8/avr8-gnu-toolchain/bin/../lib/gcc/avr/4.9.2/avr25\libgcc.a(_mulsidi3.o)
 .text.libgcc.fixed
                0x0000184a        0x0 c:/program files (x86)/atmel/studio/7.0/toolchain/avr8/avr8-gnu-toolchain/bin/../lib/gcc/avr/4.9.2/avr25\libgcc.a(_mulsidi3.o)
 .text.libgcc.mul
                0x0000184a        0x0 c:/program files (x86)/atmel/studio/7.0/toolchain/avr8/avr8-gnu-toolchain/bin/../lib/gcc/avr/4.9.2/avr25\libgcc.a(_prologue.o)
 .text.libgcc.div
                0x0000184a        0x0 c:/program files (x86)/atmel/studio/7.0/toolchain/avr8/avr8-gnu-toolchain/bin/../lib/gcc/avr/4.9.2/avr25\libgcc.a(_prologue.o)
 .text.libgcc   0x0000184a        0x0 c:/program files (x86)/atmel/studio/7.0/toolchain/avr8/avr8-gnu-toolchain/bin/../lib/gcc/avr/4.9.2/avr25\libgcc.a(_prologue.o)
 .text.libgcc.prologue
                0x0000184a       0x38 c:/program files (x86)/atmel/studio/7.0/toolchain/avr8/avr8-gnu-toolchain/bin/../lib/gcc/avr/4.9.2/avr25\libgcc.a(_prologue.o)
                0x0000184a                __prologue_saves__
 .text.libgcc.builtins
                0x00001882        0x0 c:/program files (x86)/atmel/studio/7.0/toolchain/avr8/avr8-gnu-toolchain/bin/../lib/gcc/avr/4.9.2/avr25\libgcc.a(_prologue.o)
 .text.libgcc.fmul
                0x00001882        0x0 c:/program files (x86)/atmel/studio/7.0/toolchain/avr8/avr8-gnu-toolchain/bin/../lib/gcc/avr/4.9.2/avr25\libgcc.a(_prologue.o)
 .text.libgcc.fixed
                0x00001882        0x0 c:/program files (x86)/atmel/studio/7.0/toolchain/avr8/avr8-gnu-toolchain/bin/../lib/gcc/avr/4.9.2/avr25\libgcc.a(_prologue.o)
 .text.libgcc.mul
                0x00001882        0x0 c:/program files (x86)/atmel/studio/7.0/toolchain/avr8/avr8-gnu-toolchain/bin/../lib/gcc/avr/4.9.2/avr25\libgcc.a(_epilogue.o)
 .text.libgcc.div
                0x00001882        0x0 c:/program files (x86)/atmel/studio/7.0/toolchain/avr8/avr8-gnu-toolchain/bin/../lib/gcc/avr/4.9.2/avr25\libgcc.a(_epilogue.o)
 .text.libgcc   0x00001882        0x0 c:/program files (x86)/atmel/studio/7.0/toolchain/avr8/avr8-gnu-toolchain/bin/../lib/gcc/avr/4.9.2/avr25\libgcc.a(_epilogue.o)
 .text.libgcc.prologue
                0x00001882       0x36 c:/program files (x86)/atmel/studio/7.0/toolchain/avr8/avr8-gnu-toolchain/bin/../lib/gcc/avr/4.9.2/avr25\libgcc.a(_epilogue.o)
                0x00001882                __epilogue_restores__
 .text.libgcc.builtins
                0x000018b8        0x0 c:/program files (x86)/atmel/studio/7.0/toolchain/avr8/avr8-gnu-toolchain/bin/../lib/gcc/avr/4.9.2/avr25\libgcc.a(_epilogue.o)
 .text.libgcc.fmul
                0x000018b8        0x0 c:/program files (x86)/atmel/studio/7.0/toolchain/avr8/avr8-gnu-toolchain/bin/../lib/gcc/avr/4.9.2/avr25\libgcc.a(_epilogue.o)
 .text.libgcc.fixed
                0x000018b8        0x0 c:/program files (x86)/atmel/studio/7.0/toolchain/avr8/avr8-gnu-toolchain/bin/../lib/gcc/avr/4.9.2/avr25\libgcc.a(_epilogue.o)
 .text.libgcc.mul
                0x000018b8       0x5c c:/program files (x86)/atmel/studio/7.0/toolchain/avr8/avr8-gnu-toolchain/bin/../lib/gcc/avr/4.9.2/avr25\libgcc.a(_muldi3.o)
                0x000018b8                __muldi3
 .text.libgcc.div
                0x00001914        0x0 c:/program files (x86)/atmel/studio/7.0/toolchain/avr8/avr8-gnu-toolchain/bin/../lib/gcc/avr/4.9.2/avr25\libgcc.a(_muldi3.o)
 .text.libgcc   0x00001914        0x0 c:/program files (x86)/atmel/studio/7.0/toolchain/avr8/avr8-gnu-toolchain/bin/../lib/gcc/avr/4.9.2/avr25\libgcc.a(_muldi3.o)
 .text.libgcc.prologue
                0x00001914        0x0 c:/program files (x86)/atmel/studio/7.0/toolchain/avr8/avr8-gnu-toolchain/bin/../lib/gcc/avr/4.9.2/avr25\libgcc.a(_muldi3.o)
 .text.libgcc.builtins
                0x00001914        0x0 c:/program files (x86)/atmel/studio/7.0/toolchain/avr8/avr8-gnu-toolchain/bin/../lib/gcc/avr/4.9.2/avr25\libgcc.a(_muldi3.o)
 .text.libgcc.fmul
                0x00001914        0x0 c:/program files (x86)/atmel/studio/7.0/toolchain/avr8/avr8-gnu-toolchain/bin/../lib/gcc/avr/4.9.2/avr25\libgcc.a(_muldi3.o)
 .text.libgcc.fixed
                0x00001914        0x0 c:/program files (x86)/atmel/studio/7.0/toolchain/avr8/avr8-gnu-toolchain/bin/../lib/gcc/avr/4.9.2/avr25\libgcc.a(_muldi3.o)
 .text.avr-libc
                0x00001914        0xe c:/program files (x86)/atmel/studio/7.0/toolchain/avr8/avr8-gnu-toolchain/bin/../lib/gcc/avr/4.9.2/../../../../avr/lib/avr25\libc.a(strcpy.o)
                0x00001914                strcpy
                0x00001922                . = ALIGN (0x2)
 *(.fini9)
 .fini9         0x00001922        0x0 c:/program files (x86)/atmel/studio/7.0/toolchain/avr8/avr8-gnu-toolchain/bin/../lib/gcc/avr/4.9.2/avr25\libgcc.a(_exit.o)
                0x00001922                _exit
                0x00001922                exit
 *(.fini9)
 *(.fini8)
 *(.fini8)
 *(.fini7)
 *(.fini7)
 *(.fini6)
 *(.fini6)
 *(.fini5)
 *(.fini5)
 *(.fini4)
 *(.fini4)
 *(.fini3)
 *(.fini3)
 *(.fini2)
 *(.fini2)
 *(.fini1)
 *(.fini1)
 *(.fini0)
 .fini0         0x00001922        0x4 c:/program files (x86)/atmel/studio/7.0/toolchain/avr8/avr8-gnu-toolchain/bin/../lib/gcc/avr/4.9.2/avr25\libgcc.a(_exit.o)
 *(.fini0)
                0x00001926                _etext = .

.data           0x00800060       0x3e load address 0x00001926
                0x00800060                PROVIDE (__data_start, .)
 *(.data)
 .data          0x00800060        0x0 c:/program files (x86)/atmel/studio/7.0/toolchain/avr8/avr8-gnu-toolchain/bin/../lib/gcc/avr/4.9.2/../../../../avr/lib/avr25/crtattiny85.o
 .data          0x00800060       0x30 main.o
 .data          0x00800090        0x0 mmc.o
 .data          0x00800090        0x0 pff.o
 .data          0x00800090        0x0 asmfunc.o
 .data          0x00800090        0x0 c:/program files (x86)/atmel/studio/7.0/toolchain/avr8/avr8-gnu-toolchain/bin/../lib/gcc/avr/4.9.2/avr25\libgcc.a(_udivmodsi4.o)
 .data          0x00800090        0x0 c:/program files (x86)/atmel/studio/7.0/toolchain/avr8/avr8-gnu-toolchain/bin/../lib/gcc/avr/4.9.2/avr25\libgcc.a(_exit.o)
 .data          0x00800090        0x0 c:/program files (x86)/atmel/studio/7.0/toolchain/avr8/avr8-gnu-toolchain/bin/../lib/gcc/avr/4.9.2/avr25\libgcc.a(_copy_data.o)
 .data          0x00800090        0x0 c:/program files (x86)/atmel/studio/7.0/toolchain/avr8/avr8-gnu-toolchain/bin/../lib/gcc/avr/4.9.2/avr25\libgcc.a(_clear_bss.o)
 .data          0x00800090        0x0 c:/program files (x86)/atmel/studio/7.0/toolchain/avr8/avr8-gnu-toolchain/bin/../lib/gcc/avr/4.9.2/avr25\libgcc.a(_mulsidi3.o)
 .data          0x00800090        0x0 c:/program files (x86)/atmel/studio/7.0/toolchain/avr8/avr8-gnu-toolchain/bin/../lib/gcc/avr/4.9.2/avr25\libgcc.a(_prologue.o)
 .data          0x00800090        0x0 c:/program files (x86)/atmel/studio/7.0/toolchain/avr8/avr8-gnu-toolchain/bin/../lib/gcc/avr/4.9.2/avr25\libgcc.a(_epilogue.o)
 .data          0x00800090        0x0 c:/program files (x86)/atmel/studio/7.0/toolchain/avr8/avr8-gnu-toolchain/bin/../lib/gcc/avr/4.9.2/avr25\libgcc.a(_muldi3.o)
 .data          0x00800090        0x0 c:/program files (x86)/atmel/studio/7.0/toolchain/avr8/avr8-gnu-toolchain/bin/../lib/gcc/avr/4.9.2/../../../../avr/lib/avr25\libc.a(strcpy.o)
 *(.data*)
 *(.rodata)
 *(.rodata*)
 .rodata.str1.1
                0x00800090        0xe main.o
                                  0xf (size before relaxing)
 *(.gnu.linkonce.d*)
                0x0080009e                . = ALIGN (0x2)
                0x0080009e                _edata = .
                0x0080009e                PROVIDE (__data_end, .)

.bss            0x0080009e      0x169
                0x0080009e                PROVIDE (__bss_start, .)
 *(.bss)
 .bss           0x0080009e        0x0 c:/program files (x86)/atmel/studio/7.0/toolchain/avr8/avr8-gnu-toolchain/bin/../lib/gcc/avr/4.9.2/../../../../avr/lib/avr25/crtattiny85.o
 .bss           0x0080009e        0x0 main.o
 .bss           0x0080009e        0x0 mmc.o
 .bss           0x0080009e        0x2 pff.o
 .bss           0x008000a0        0x0 asmfunc.o
 .bss           0x008000a0        0x0 c:/program files (x86)/atmel/studio/7.0/toolchain/avr8/avr8-gnu-toolchain/bin/../lib/gcc/avr/4.9.2/avr25\libgcc.a(_udivmodsi4.o)
 .bss           0x008000a0        0x0 c:/program files (x86)/atmel/studio/7.0/toolchain/avr8/avr8-gnu-toolchain/bin/../lib/gcc/avr/4.9.2/avr25\libgcc.a(_exit.o)
 .bss           0x008000a0        0x0 c:/program files (x86)/atmel/studio/7.0/toolchain/avr8/avr8-gnu-toolchain/bin/../lib/gcc/avr/4.9.2/avr25\libgcc.a(_copy_data.o)
 .bss           0x008000a0        0x0 c:/program files (x86)/atmel/studio/7.0/toolchain/avr8/avr8-gnu-toolchain/bin/../lib/gcc/avr/4.9.2/avr25\libgcc.a(_clear_bss.o)
 .bss           0x008000a0        0x0 c:/program files (x86)/atmel/studio/7.0/toolchain/avr8/avr8-gnu-toolchain/bin/../lib/gcc/avr/4.9.2/avr25\libgcc.a(_mulsidi3.o)
 .bss           0x008000a0        0x0 c:/program files (x86)/atmel/studio/7.0/toolchain/avr8/avr8-gnu-toolchain/bin/../lib/gcc/avr/4.9.2/avr25\libgcc.a(_prologue.o)
 .bss           0x008000a0        0x0 c:/program files (x86)/atmel/studio/7.0/toolchain/avr8/avr8-gnu-toolchain/bin/../lib/gcc/avr/4.9.2/avr25\libgcc.a(_epilogue.o)
 .bss           0x008000a0        0x0 c:/program files (x86)/atmel/studio/7.0/toolchain/avr8/avr8-gnu-toolchain/bin/../lib/gcc/avr/4.9.2/avr25\libgcc.a(_muldi3.o)
 .bss           0x008000a0        0x0 c:/program files (x86)/atmel/studio/7.0/toolchain/avr8/avr8-gnu-toolchain/bin/../lib/gcc/avr/4.9.2/../../../../avr/lib/avr25\libc.a(strcpy.o)
 *(.bss*)
 *(COMMON)
 COMMON         0x008000a0      0x167 main.o
                0x008000a0                FifoWi
                0x008000a1                CardType
                0x008000a2                FifoRi
                0x008000a3                fileName
                0x008000b3                newFile
                0x008000b4                Fno
                0x008000ca                rb
                0x008000cc                Buff
                0x008001cc                Dir
                0x008001dc                FifoCt
                0x008001dd                Fs
                0x00800207                PROVIDE (__bss_end, .)
                0x00001926                __data_load_start = LOADADDR (.data)
                0x00001964                __data_load_end = (__data_load_start + SIZEOF (.data))

.noinit         0x00800207        0x0
                0x00800207                PROVIDE (__noinit_start, .)
 *(.noinit*)
                0x00800207                PROVIDE (__noinit_end, .)
                0x00800207                _end = .
                0x00800207                PROVIDE (__heap_start, .)

.eeprom         0x00810000        0x0
 *(.eeprom*)
                0x00810000                __eeprom_end = .

.fuse
 *(.fuse)
 *(.lfuse)
 *(.hfuse)
 *(.efuse)

.lock
 *(.lock*)

.signature
 *(.signature*)

.user_signatures
 *(.user_signatures*)

.stab           0x00000000      0x6e4
 *(.stab)
 .stab          0x00000000      0x6e4 asmfunc.o

.stabstr        0x00000000       0xd7
 *(.stabstr)
 .stabstr       0x00000000       0xd7 asmfunc.o

.stab.excl
 *(.stab.excl)

.stab.exclstr
 *(.stab.exclstr)

.stab.index
 *(.stab.index)

.stab.indexstr
 *(.stab.indexstr)

.comment        0x00000000       0x30
 *(.comment)
 .comment       0x00000000       0x30 main.o
                                 0x31 (size before relaxing)
 .comment       0x00000030       0x31 mmc.o
 .comment       0x00000030       0x31 pff.o

.note.gnu.avr.deviceinfo
                0x00000000       0x3c
 .note.gnu.avr.deviceinfo
                0x00000000       0x3c c:/program files (x86)/atmel/studio/7.0/toolchain/avr8/avr8-gnu-toolchain/bin/../lib/gcc/avr/4.9.2/../../../../avr/lib/avr25/crtattiny85.o

.note.gnu.build-id
 *(.note.gnu.build-id)

.debug
 *(.debug)

.line
 *(.line)

.debug_srcinfo
 *(.debug_srcinfo)

.debug_sfnames
 *(.debug_sfnames)

.debug_aranges  0x00000000       0x68
 *(.debug_aranges)
 .debug_aranges
                0x00000000       0x28 main.o
 .debug_aranges
                0x00000028       0x20 mmc.o
 .debug_aranges
                0x00000048       0x20 pff.o

.debug_pubnames
 *(.debug_pubnames)

.debug_info     0x00000000     0x2193
 *(.debug_info .gnu.linkonce.wi.*)
 .debug_info    0x00000000      0xbe6 main.o
 .debug_info    0x00000be6      0x565 mmc.o
 .debug_info    0x0000114b     0x1048 pff.o

.debug_abbrev   0x00000000      0x75b
 *(.debug_abbrev)
 .debug_abbrev  0x00000000      0x32e main.o
 .debug_abbrev  0x0000032e      0x1d2 mmc.o
 .debug_abbrev  0x00000500      0x25b pff.o

.debug_line     0x00000000      0x68e
 *(.debug_line .debug_line.* .debug_line_end)
 .debug_line    0x00000000      0x2e3 main.o
 .debug_line    0x000002e3       0xe5 mmc.o
 .debug_line    0x000003c8      0x2c6 pff.o

.debug_frame    0x00000000      0x538
 *(.debug_frame)
 .debug_frame   0x00000000       0x98 main.o
 .debug_frame   0x00000098       0xc4 mmc.o
 .debug_frame   0x0000015c      0x3dc pff.o

.debug_str      0x00000000      0x519
 *(.debug_str)
 .debug_str     0x00000000      0x3bd main.o
                                0x410 (size before relaxing)
 .debug_str     0x000003bd       0x9d mmc.o
                                0x1fb (size before relaxing)
 .debug_str     0x0000045a       0xbf pff.o
                                0x3ba (size before relaxing)

.debug_loc      0x00000000     0x233d
 *(.debug_loc)
 .debug_loc     0x00000000      0x42e main.o
 .debug_loc     0x0000042e      0x522 mmc.o
 .debug_loc     0x00000950     0x19ed pff.o

.debug_macinfo
 *(.debug_macinfo)

.debug_weaknames
 *(.debug_weaknames)

.debug_funcnames
 *(.debug_funcnames)

.debug_typenames
 *(.debug_typenames)

.debug_varnames
 *(.debug_varnames)

.debug_pubtypes
 *(.debug_pubtypes)

.debug_ranges   0x00000000      0x138
 *(.debug_ranges)
 .debug_ranges  0x00000000       0x68 main.o
 .debug_ranges  0x00000068       0xd0 pff.o

.debug_macro
 *(.debug_macro)
OUTPUT(main.elf elf32-avr)
LOAD linker stubs

Cross Reference Table

Symbol                                            File
Buff                                              main.o
                                                  asmfunc.o
CardType                                          mmc.o
                                                  main.o
Dir                                               main.o
FifoCt                                            main.o
                                                  asmfunc.o
FifoRi                                            main.o
                                                  asmfunc.o
FifoWi                                            main.o
                                                  asmfunc.o
Fno                                               main.o
Fs                                                main.o
__bad_interrupt                                   c:/program files (x86)/atmel/studio/7.0/toolchain/avr8/avr8-gnu-toolchain/bin/../lib/gcc/avr/4.9.2/../../../../avr/lib/avr25/crtattiny85.o
__bss_end                                         c:/program files (x86)/atmel/studio/7.0/toolchain/avr8/avr8-gnu-toolchain/bin/../lib/gcc/avr/4.9.2/avr25\libgcc.a(_clear_bss.o)
__bss_start                                       c:/program files (x86)/atmel/studio/7.0/toolchain/avr8/avr8-gnu-toolchain/bin/../lib/gcc/avr/4.9.2/avr25\libgcc.a(_clear_bss.o)
__data_end                                        c:/program files (x86)/atmel/studio/7.0/toolchain/avr8/avr8-gnu-toolchain/bin/../lib/gcc/avr/4.9.2/avr25\libgcc.a(_copy_data.o)
__data_load_start                                 c:/program files (x86)/atmel/studio/7.0/toolchain/avr8/avr8-gnu-toolchain/bin/../lib/gcc/avr/4.9.2/avr25\libgcc.a(_copy_data.o)
__data_start                                      c:/program files (x86)/atmel/studio/7.0/toolchain/avr8/avr8-gnu-toolchain/bin/../lib/gcc/avr/4.9.2/avr25\libgcc.a(_copy_data.o)
__do_clear_bss                                    c:/program files (x86)/atmel/studio/7.0/toolchain/avr8/avr8-gnu-toolchain/bin/../lib/gcc/avr/4.9.2/avr25\libgcc.a(_clear_bss.o)
                                                  pff.o
                                                  mmc.o
                                                  main.o
__do_copy_data                                    c:/program files (x86)/atmel/studio/7.0/toolchain/avr8/avr8-gnu-toolchain/bin/../lib/gcc/avr/4.9.2/avr25\libgcc.a(_copy_data.o)
                                                  main.o
__epilogue_restores__                             c:/program files (x86)/atmel/studio/7.0/toolchain/avr8/avr8-gnu-toolchain/bin/../lib/gcc/avr/4.9.2/avr25\libgcc.a(_epilogue.o)
                                                  c:/program files (x86)/atmel/studio/7.0/toolchain/avr8/avr8-gnu-toolchain/bin/../lib/gcc/avr/4.9.2/avr25\libgcc.a(_mulsidi3.o)
__heap_end                                        c:/program files (x86)/atmel/studio/7.0/toolchain/avr8/avr8-gnu-toolchain/bin/../lib/gcc/avr/4.9.2/../../../../avr/lib/avr25/crtattiny85.o
__init                                            c:/program files (x86)/atmel/studio/7.0/toolchain/avr8/avr8-gnu-toolchain/bin/../lib/gcc/avr/4.9.2/../../../../avr/lib/avr25/crtattiny85.o
__muldi3                                          c:/program files (x86)/atmel/studio/7.0/toolchain/avr8/avr8-gnu-toolchain/bin/../lib/gcc/avr/4.9.2/avr25\libgcc.a(_muldi3.o)
                                                  c:/program files (x86)/atmel/studio/7.0/toolchain/avr8/avr8-gnu-toolchain/bin/../lib/gcc/avr/4.9.2/avr25\libgcc.a(_mulsidi3.o)
__mulsidi3                                        c:/program files (x86)/atmel/studio/7.0/toolchain/avr8/avr8-gnu-toolchain/bin/../lib/gcc/avr/4.9.2/avr25\libgcc.a(_mulsidi3.o)
__prologue_saves__                                c:/program files (x86)/atmel/studio/7.0/toolchain/avr8/avr8-gnu-toolchain/bin/../lib/gcc/avr/4.9.2/avr25\libgcc.a(_prologue.o)
                                                  c:/program files (x86)/atmel/studio/7.0/toolchain/avr8/avr8-gnu-toolchain/bin/../lib/gcc/avr/4.9.2/avr25\libgcc.a(_mulsidi3.o)
__stack                                           c:/program files (x86)/atmel/studio/7.0/toolchain/avr8/avr8-gnu-toolchain/bin/../lib/gcc/avr/4.9.2/../../../../avr/lib/avr25/crtattiny85.o
__udivmodsi4                                      c:/program files (x86)/atmel/studio/7.0/toolchain/avr8/avr8-gnu-toolchain/bin/../lib/gcc/avr/4.9.2/avr25\libgcc.a(_udivmodsi4.o)
                                                  pff.o
                                                  main.o
__umulsidi3                                       c:/program files (x86)/atmel/studio/7.0/toolchain/avr8/avr8-gnu-toolchain/bin/../lib/gcc/avr/4.9.2/avr25\libgcc.a(_mulsidi3.o)
                                                  pff.o
__vector_1                                        c:/program files (x86)/atmel/studio/7.0/toolchain/avr8/avr8-gnu-toolchain/bin/../lib/gcc/avr/4.9.2/../../../../avr/lib/avr25/crtattiny85.o
__vector_10                                       asmfunc.o
                                                  c:/program files (x86)/atmel/studio/7.0/toolchain/avr8/avr8-gnu-toolchain/bin/../lib/gcc/avr/4.9.2/../../../../avr/lib/avr25/crtattiny85.o
__vector_11                                       c:/program files (x86)/atmel/studio/7.0/toolchain/avr8/avr8-gnu-toolchain/bin/../lib/gcc/avr/4.9.2/../../../../avr/lib/avr25/crtattiny85.o
__vector_12                                       main.o
                                                  c:/program files (x86)/atmel/studio/7.0/toolchain/avr8/avr8-gnu-toolchain/bin/../lib/gcc/avr/4.9.2/../../../../avr/lib/avr25/crtattiny85.o
__vector_13                                       c:/program files (x86)/atmel/studio/7.0/toolchain/avr8/avr8-gnu-toolchain/bin/../lib/gcc/avr/4.9.2/../../../../avr/lib/avr25/crtattiny85.o
__vector_14                                       c:/program files (x86)/atmel/studio/7.0/toolchain/avr8/avr8-gnu-toolchain/bin/../lib/gcc/avr/4.9.2/../../../../avr/lib/avr25/crtattiny85.o
__vector_2                                        main.o
                                                  c:/program files (x86)/atmel/studio/7.0/toolchain/avr8/avr8-gnu-toolchain/bin/../lib/gcc/avr/4.9.2/../../../../avr/lib/avr25/crtattiny85.o
__vector_3                                        c:/program files (x86)/atmel/studio/7.0/toolchain/avr8/avr8-gnu-toolchain/bin/../lib/gcc/avr/4.9.2/../../../../avr/lib/avr25/crtattiny85.o
__vector_4                                        c:/program files (x86)/atmel/studio/7.0/toolchain/avr8/avr8-gnu-toolchain/bin/../lib/gcc/avr/4.9.2/../../../../avr/lib/avr25/crtattiny85.o
__vector_5                                        c:/program files (x86)/atmel/studio/7.0/toolchain/avr8/avr8-gnu-toolchain/bin/../lib/gcc/avr/4.9.2/../../../../avr/lib/avr25/crtattiny85.o
__vector_6                                        c:/program files (x86)/atmel/studio/7.0/toolchain/avr8/avr8-gnu-toolchain/bin/../lib/gcc/avr/4.9.2/../../../../avr/lib/avr25/crtattiny85.o
__vector_7                                        c:/program files (x86)/atmel/studio/7.0/toolchain/avr8/avr8-gnu-toolchain/bin/../lib/gcc/avr/4.9.2/../../../../avr/lib/avr25/crtattiny85.o
__vector_8                                        c:/program files (x86)/atmel/studio/7.0/toolchain/avr8/avr8-gnu-toolchain/bin/../lib/gcc/avr/4.9.2/../../../../avr/lib/avr25/crtattiny85.o
__vector_9                                        c:/program files (x86)/atmel/studio/7.0/toolchain/avr8/avr8-gnu-toolchain/bin/../lib/gcc/avr/4.9.2/../../../../avr/lib/avr25/crtattiny85.o
__vector_default                                  c:/program files (x86)/atmel/studio/7.0/toolchain/avr8/avr8-gnu-toolchain/bin/../lib/gcc/avr/4.9.2/../../../../avr/lib/avr25/crtattiny85.o
__vectors                                         c:/program files (x86)/atmel/studio/7.0/toolchain/avr8/avr8-gnu-toolchain/bin/../lib/gcc/avr/4.9.2/../../../../avr/lib/avr25/crtattiny85.o
_exit                                             c:/program files (x86)/atmel/studio/7.0/toolchain/avr8/avr8-gnu-toolchain/bin/../lib/gcc/avr/4.9.2/avr25\libgcc.a(_exit.o)
deselect                                          asmfunc.o
                                                  mmc.o
disk_initialize                                   mmc.o
                                                  pff.o
disk_readp                                        mmc.o
                                                  pff.o
exit                                              c:/program files (x86)/atmel/studio/7.0/toolchain/avr8/avr8-gnu-toolchain/bin/../lib/gcc/avr/4.9.2/avr25\libgcc.a(_exit.o)
                                                  c:/program files (x86)/atmel/studio/7.0/toolchain/avr8/avr8-gnu-toolchain/bin/../lib/gcc/avr/4.9.2/../../../../avr/lib/avr25/crtattiny85.o
fileName                                          main.o
init_spi                                          asmfunc.o
                                                  mmc.o
                                                  main.o
main                                              main.o
                                                  c:/program files (x86)/atmel/studio/7.0/toolchain/avr8/avr8-gnu-toolchain/bin/../lib/gcc/avr/4.9.2/../../../../avr/lib/avr25/crtattiny85.o
newFile                                           main.o
pf_lseek                                          pff.o
                                                  main.o
pf_mount                                          pff.o
                                                  main.o
pf_open                                           pff.o
                                                  main.o
pf_opendir                                        pff.o
                                                  main.o
pf_read                                           pff.o
                                                  main.o
pf_readdir                                        pff.o
                                                  main.o
rb                                                main.o
rcv_spi                                           asmfunc.o
                                                  mmc.o
read_blk_part                                     asmfunc.o
                                                  mmc.o
select                                            asmfunc.o
                                                  mmc.o
slave_rcv_spi                                     asmfunc.o
                                                  main.o
spi_master                                        asmfunc.o
                                                  main.o
spi_slave                                         asmfunc.o
                                                  main.o
strcpy                                            c:/program files (x86)/atmel/studio/7.0/toolchain/avr8/avr8-gnu-toolchain/bin/../lib/gcc/avr/4.9.2/../../../../avr/lib/avr25\libc.a(strcpy.o)
                                                  main.o
xmit_spi                                          asmfunc.o
                                                  mmc.o
